[OK] Diretório base '/app/gestao_projetos' criado.
[OK] Arquivo de log de auditoria provisionado com sucesso.

[SUCESSO] Estrutura provisionada e pronta para receber os logs da API em Node.js!
[OK] Diretório base '/app/logs_gestao_projetos' criado.
[OK] Arquivo de log de auditoria provisionado com sucesso.

[SUCESSO] Estrutura provisionada e pronta para receber os logs da API em Node.js!
[OK] Diretório base '/app/logs_gestao_projetos' criado.
[OK] Arquivo 'historico_atividades.log' provisionado com sucesso.

[SUCESSO] Estrutura provisionada!
[OK] Diretório base '/app/logs_gestao_projetos' criado.
[OK] Arquivo 'historico_atividades.log' provisionado com sucesso.

[SUCESSO] Estrutura provisionada!
[OK] Diretório base '/app/logs_gestao_projetos' criado.
[OK] Arquivo 'historico_atividades.log' provisionado com sucesso.

[SUCESSO] Estrutura provisionada!
[OK] Diretório base '/app/logs_gestao_projetos' criado.
[OK] Arquivo 'historico_atividades.log' provisionado com sucesso.

[SUCESSO] Estrutura provisionada!
[OK] Diretório base '/app/logs_gestao_projetos' criado.
[OK] Arquivo 'historico_atividades.log' provisionado com sucesso.

[SUCESSO] Estrutura provisionada!
